[ "@generated", { "key": { "file": { "key": "example.ts" }, "language": 56 } } ]