[
  "@generated",
  {
    "key": {
      "symbol": {
        "key": "scip-typescript npm . . home/dons/Glean/glean/lang/typescript/tests/cases/xrefs/`example.ts`/"
      },
      "name": {
        "key": "home/dons/Glean/glean/lang/typescript/tests/cases/xrefs/`example.ts`"
      }
    }
  },
  {
    "key": {
      "symbol": {
        "key": "scip-typescript npm . . home/dons/Glean/glean/lang/typescript/tests/cases/xrefs/`example.ts`/Git#"
      },
      "name": {
        "key": "home/dons/Glean/glean/lang/typescript/tests/cases/xrefs/`example.ts`/Git"
      }
    }
  },
  {
    "key": {
      "symbol": {
        "key": "scip-typescript npm . . home/dons/Glean/glean/lang/typescript/tests/cases/xrefs/`example.ts`/Git#`<constructor>`()."
      },
      "name": {
        "key": "home/dons/Glean/glean/lang/typescript/tests/cases/xrefs/`example.ts`/Git#`<constructor>`()"
      }
    }
  },
  {
    "key": {
      "symbol": {
        "key": "scip-typescript npm . . home/dons/Glean/glean/lang/typescript/tests/cases/xrefs/`example.ts`/Git#`<constructor>`().(dir)"
      },
      "name": {
        "key": "home/dons/Glean/glean/lang/typescript/tests/cases/xrefs/`example.ts`/Git#`<constructor>`().(dir"
      }
    }
  },
  {
    "key": {
      "symbol": {
        "key": "scip-typescript npm . . home/dons/Glean/glean/lang/typescript/tests/cases/xrefs/`example.ts`/Git#commit()."
      },
      "name": {
        "key": "home/dons/Glean/glean/lang/typescript/tests/cases/xrefs/`example.ts`/Git#commit()"
      }
    }
  },
  {
    "key": {
      "symbol": {
        "key": "scip-typescript npm . . home/dons/Glean/glean/lang/typescript/tests/cases/xrefs/`example.ts`/Git#commit().(author)"
      },
      "name": {
        "key": "home/dons/Glean/glean/lang/typescript/tests/cases/xrefs/`example.ts`/Git#commit().(author"
      }
    }
  },
  {
    "key": {
      "symbol": {
        "key": "scip-typescript npm . . home/dons/Glean/glean/lang/typescript/tests/cases/xrefs/`example.ts`/Git#commit().(date)"
      },
      "name": {
        "key": "home/dons/Glean/glean/lang/typescript/tests/cases/xrefs/`example.ts`/Git#commit().(date"
      }
    }
  },
  {
    "key": {
      "symbol": {
        "key": "scip-typescript npm . . home/dons/Glean/glean/lang/typescript/tests/cases/xrefs/`example.ts`/Git#commit().(msg)"
      },
      "name": {
        "key": "home/dons/Glean/glean/lang/typescript/tests/cases/xrefs/`example.ts`/Git#commit().(msg"
      }
    }
  },
  {
    "key": {
      "symbol": {
        "key": "scip-typescript npm . . home/dons/Glean/glean/lang/typescript/tests/cases/xrefs/`example.ts`/createTempRepo()."
      },
      "name": {
        "key": "home/dons/Glean/glean/lang/typescript/tests/cases/xrefs/`example.ts`/createTempRepo()"
      }
    }
  },
  {
    "key": {
      "symbol": {
        "key": "scip-typescript npm . . home/dons/Glean/glean/lang/typescript/tests/cases/xrefs/`example.ts`/createTempRepo().typeLiteral10:git."
      },
      "name": {
        "key": "home/dons/Glean/glean/lang/typescript/tests/cases/xrefs/`example.ts`/createTempRepo().typeLiteral10:git"
      }
    }
  },
  {
    "key": {
      "symbol": {
        "key": "scip-typescript npm . . home/dons/Glean/glean/lang/typescript/tests/cases/xrefs/`example.ts`/createTempRepo().typeLiteral10:repoDir."
      },
      "name": {
        "key": "home/dons/Glean/glean/lang/typescript/tests/cases/xrefs/`example.ts`/createTempRepo().typeLiteral10:repoDir"
      }
    }
  },
  {
    "key": {
      "symbol": {
        "key": "scip-typescript npm . . home/dons/Glean/glean/lang/typescript/tests/cases/xrefs/`example.ts`/cwd0:"
      },
      "name": {
        "key": "home/dons/Glean/glean/lang/typescript/tests/cases/xrefs/`example.ts`/cwd0"
      }
    }
  },
  {
    "key": {
      "symbol": {
        "key": "scip-typescript npm . . home/dons/Glean/glean/lang/typescript/tests/cases/xrefs/`example.ts`/cwd1:"
      },
      "name": {
        "key": "home/dons/Glean/glean/lang/typescript/tests/cases/xrefs/`example.ts`/cwd1"
      }
    }
  },
  {
    "key": {
      "symbol": {
        "key": "scip-typescript npm . . home/dons/Glean/glean/lang/typescript/tests/cases/xrefs/`example.ts`/cwd2:"
      },
      "name": {
        "key": "home/dons/Glean/glean/lang/typescript/tests/cases/xrefs/`example.ts`/cwd2"
      }
    }
  },
  {
    "key": {
      "symbol": {
        "key": "scip-typescript npm . . home/dons/Glean/glean/lang/typescript/tests/cases/xrefs/`example.ts`/cwd3:"
      },
      "name": {
        "key": "home/dons/Glean/glean/lang/typescript/tests/cases/xrefs/`example.ts`/cwd3"
      }
    }
  },
  {
    "key": {
      "symbol": {
        "key": "scip-typescript npm . . home/dons/Glean/glean/lang/typescript/tests/cases/xrefs/`example.ts`/cwd4:"
      },
      "name": {
        "key": "home/dons/Glean/glean/lang/typescript/tests/cases/xrefs/`example.ts`/cwd4"
      }
    }
  },
  {
    "key": {
      "symbol": {
        "key": "scip-typescript npm . . home/dons/Glean/glean/lang/typescript/tests/cases/xrefs/`example.ts`/git0:"
      },
      "name": {
        "key": "home/dons/Glean/glean/lang/typescript/tests/cases/xrefs/`example.ts`/git0"
      }
    }
  },
  {
    "key": {
      "symbol": {
        "key": "scip-typescript npm . . home/dons/Glean/glean/lang/typescript/tests/cases/xrefs/`example.ts`/repoDir0:"
      },
      "name": {
        "key": "home/dons/Glean/glean/lang/typescript/tests/cases/xrefs/`example.ts`/repoDir0"
      }
    }
  },
  {
    "key": {
      "symbol": {
        "key": "scip-typescript npm . . home/dons/Glean/glean/lang/typescript/tests/cases/xrefs/`example.ts`/silent0:"
      },
      "name": {
        "key": "home/dons/Glean/glean/lang/typescript/tests/cases/xrefs/`example.ts`/silent0"
      }
    }
  },
  {
    "key": {
      "symbol": {
        "key": "scip-typescript npm . . home/dons/Glean/glean/lang/typescript/tests/cases/xrefs/`example.ts`/silent1:"
      },
      "name": {
        "key": "home/dons/Glean/glean/lang/typescript/tests/cases/xrefs/`example.ts`/silent1"
      }
    }
  },
  {
    "key": {
      "symbol": {
        "key": "scip-typescript npm . . home/dons/Glean/glean/lang/typescript/tests/cases/xrefs/`example.ts`/silent2:"
      },
      "name": {
        "key": "home/dons/Glean/glean/lang/typescript/tests/cases/xrefs/`example.ts`/silent2"
      }
    }
  },
  {
    "key": {
      "symbol": {
        "key": "scip-typescript npm . . home/dons/Glean/glean/lang/typescript/tests/cases/xrefs/`example.ts`/silent3:"
      },
      "name": {
        "key": "home/dons/Glean/glean/lang/typescript/tests/cases/xrefs/`example.ts`/silent3"
      }
    }
  },
  {
    "key": {
      "symbol": {
        "key": "scip-typescript npm . . home/dons/Glean/glean/lang/typescript/tests/cases/xrefs/`example.ts`/silent4:"
      },
      "name": {
        "key": "home/dons/Glean/glean/lang/typescript/tests/cases/xrefs/`example.ts`/silent4"
      }
    }
  },
  {
    "key": {
      "symbol": {
        "key": "scip-typescript npm typescript 4.9.5 lib/`lib.es2022.error.d.ts`/Error#"
      },
      "name": { "key": "lib/`lib.es2022.error.d.ts`/Error" }
    }
  },
  {
    "key": {
      "symbol": {
        "key": "scip-typescript npm typescript 4.9.5 lib/`lib.es5.d.ts`/Error#"
      },
      "name": { "key": "lib/`lib.es5.d.ts`/Error" }
    }
  },
  {
    "key": {
      "symbol": {
        "key": "scip-typescript npm typescript 4.9.5 lib/`lib.es5.d.ts`/Error."
      },
      "name": { "key": "lib/`lib.es5.d.ts`/Error" }
    }
  }
]