[
  "@generated",
  {
    "key": {
      "file": { "key": "test.cpp" },
      "lineBegin": 9,
      "columnBegin": 1,
      "lineEnd": 12,
      "columnEnd": 1
    }
  },
  {
    "key": {
      "file": { "key": "test.cpp" },
      "lineBegin": 10,
      "columnBegin": 3,
      "lineEnd": 10,
      "columnEnd": 25
    }
  },
  {
    "key": {
      "file": { "key": "test.cpp" },
      "lineBegin": 11,
      "columnBegin": 3,
      "lineEnd": 11,
      "columnEnd": 39
    }
  },
  {
    "key": {
      "file": { "key": "test.cpp" },
      "lineBegin": 14,
      "columnBegin": 1,
      "lineEnd": 14,
      "columnEnd": 26
    }
  },
  {
    "key": {
      "file": { "key": "test.cpp" },
      "lineBegin": 15,
      "columnBegin": 1,
      "lineEnd": 15,
      "columnEnd": 40
    }
  }
]