[ "@generated", { "key": { "file": { "key": "src/lib.rs" }, "language": 42 } } ]