[
  "@generated",
  {
    "key": {
      "text": { "key": "\u000a```rust\u000aacc: u64\u000a```" },
      "language": 56
    }
  },
  {
    "key": {
      "text": {
        "key": "\u000a```rust\u000abasics\u000a```\u000a\u000a```rust\u000afn f1_go(n: u64, acc: u64) -> u64\u000a```"
      },
      "language": 56
    }
  },
  {
    "key": {
      "text": {
        "key": "\u000a```rust\u000abasics\u000a```\u000a\u000a```rust\u000apub fn sum_f1(n: u64) -> u64\u000a```"
      },
      "language": 56
    }
  },
  {
    "key": {
      "text": {
        "key": "\u000a```rust\u000abasics\u000a```\u000a\u000a```rust\u000apub fn sum_f2(n: u64) -> u64\u000a```"
      },
      "language": 56
    }
  },
  {
    "key": {
      "text": {
        "key": "\u000a```rust\u000abasics\u000a```\u000a\u000a```rust\u000apub fn sum_f3(n: u64) -> u64\u000a```"
      },
      "language": 56
    }
  },
  {
    "key": {
      "text": { "key": "\u000a```rust\u000alet mut acc: u64\u000a```" },
      "language": 56
    }
  },
  {
    "key": {
      "text": { "key": "\u000a```rust\u000alet mut m: u64\u000a```" },
      "language": 56
    }
  },
  {
    "key": {
      "text": { "key": "\u000a```rust\u000am: u64\u000a```" },
      "language": 56
    }
  },
  {
    "key": {
      "text": { "key": "\u000a```rust\u000an: u64\u000a```" },
      "language": 56
    }
  }
]