[
  "@generated",
  {
    "key": {
      "symbol": { "key": "rust-analyzer cargo basics 0.1.0 (acc)" },
      "name": { "key": "(acc" }
    }
  },
  {
    "key": {
      "symbol": { "key": "rust-analyzer cargo basics 0.1.0 (n)" },
      "name": { "key": "(n" }
    }
  },
  {
    "key": {
      "symbol": { "key": "rust-analyzer cargo basics 0.1.0 f1_go()." },
      "name": { "key": "f1_go()" }
    }
  },
  {
    "key": {
      "symbol": { "key": "rust-analyzer cargo basics 0.1.0 sum_f1()." },
      "name": { "key": "sum_f1()" }
    }
  },
  {
    "key": {
      "symbol": { "key": "rust-analyzer cargo basics 0.1.0 sum_f2()." },
      "name": { "key": "sum_f2()" }
    }
  },
  {
    "key": {
      "symbol": { "key": "rust-analyzer cargo basics 0.1.0 sum_f3()." },
      "name": { "key": "sum_f3()" }
    }
  }
]