[
  "@generated",
  { "key": "rust-analyzer cargo basics 0.1.0 (acc)" },
  { "key": "rust-analyzer cargo basics 0.1.0 (n)" },
  { "key": "rust-analyzer cargo basics 0.1.0 f1_go()." },
  { "key": "rust-analyzer cargo basics 0.1.0 sum_f1()." },
  { "key": "rust-analyzer cargo basics 0.1.0 sum_f2()." },
  { "key": "rust-analyzer cargo basics 0.1.0 sum_f3()." }
]