[
  "@generated",
  {
    "key": {
      "tuplefield0": {
        "file": { "key": "test.cpp" },
        "lineBegin": 9,
        "columnBegin": 1,
        "lineEnd": 9,
        "columnEnd": 20
      },
      "tuplefield1": "I"
    }
  },
  {
    "key": {
      "tuplefield0": {
        "file": { "key": "test.cpp" },
        "lineBegin": 11,
        "columnBegin": 1,
        "lineEnd": 14,
        "columnEnd": 1
      },
      "tuplefield1": "f"
    }
  }
]