[
  "@generated",
  {
    "key": {
      "file": { "key": "test.cpp" },
      "lineBegin": 9,
      "columnBegin": 1,
      "lineEnd": 9,
      "columnEnd": 20
    }
  },
  {
    "key": {
      "file": { "key": "test.cpp" },
      "lineBegin": 11,
      "columnBegin": 1,
      "lineEnd": 14,
      "columnEnd": 1
    }
  }
]