[
  "@generated",
  {
    "key": {
      "file": { "key": "test.cpp" },
      "lineBegin": 9,
      "columnBegin": 1,
      "lineEnd": 13,
      "columnEnd": 1
    }
  },
  {
    "key": {
      "file": { "key": "test.cpp" },
      "lineBegin": 10,
      "columnBegin": 3,
      "lineEnd": 10,
      "columnEnd": 8
    }
  },
  {
    "key": {
      "file": { "key": "test.cpp" },
      "lineBegin": 11,
      "columnBegin": 3,
      "lineEnd": 11,
      "columnEnd": 12
    }
  },
  {
    "key": {
      "file": { "key": "test.cpp" },
      "lineBegin": 12,
      "columnBegin": 3,
      "lineEnd": 12,
      "columnEnd": 16
    }
  }
]