[
  "@generated",
  {
    "key": {
      "tuplefield0": {
        "file": { "key": "test.cpp" },
        "lineBegin": 9,
        "columnBegin": 1,
        "lineEnd": 13,
        "columnEnd": 1
      },
      "tuplefield1": "T"
    }
  },
  {
    "key": {
      "tuplefield0": {
        "file": { "key": "test.cpp" },
        "lineBegin": 10,
        "columnBegin": 3,
        "lineEnd": 10,
        "columnEnd": 8
      },
      "tuplefield1": "m1"
    }
  },
  {
    "key": {
      "tuplefield0": {
        "file": { "key": "test.cpp" },
        "lineBegin": 11,
        "columnBegin": 3,
        "lineEnd": 11,
        "columnEnd": 12
      },
      "tuplefield1": "m2"
    }
  },
  {
    "key": {
      "tuplefield0": {
        "file": { "key": "test.cpp" },
        "lineBegin": 12,
        "columnBegin": 3,
        "lineEnd": 12,
        "columnEnd": 16
      },
      "tuplefield1": "m3"
    }
  }
]