[
    "@generated",
    {
        "revision": "testhash",
        "size": 0,
        "symbols": {},
        "truncated": false
    }
]