[
  "@generated",
  {
    "key": {
      "file": { "key": "test.cpp" },
      "lineBegin": 9,
      "columnBegin": 22,
      "lineEnd": 11,
      "columnEnd": 1
    }
  },
  {
    "key": {
      "file": { "key": "test.cpp" },
      "lineBegin": 9,
      "columnBegin": 26,
      "lineEnd": 9,
      "columnEnd": 28
    }
  },
  {
    "key": {
      "file": { "key": "test.cpp" },
      "lineBegin": 13,
      "columnBegin": 22,
      "lineEnd": 15,
      "columnEnd": 1
    }
  },
  {
    "key": {
      "file": { "key": "test.cpp" },
      "lineBegin": 13,
      "columnBegin": 27,
      "lineEnd": 13,
      "columnEnd": 30
    }
  },
  {
    "key": {
      "file": { "key": "test.cpp" },
      "lineBegin": 17,
      "columnBegin": 1,
      "lineEnd": 21,
      "columnEnd": 1
    }
  },
  {
    "key": {
      "file": { "key": "test.cpp" },
      "lineBegin": 17,
      "columnBegin": 8,
      "lineEnd": 17,
      "columnEnd": 12
    }
  }
]