[
  "@generated",
  {
    "key": {
      "tuplefield0": {
        "file": { "key": "test.cpp" },
        "lineBegin": 9,
        "columnBegin": 22,
        "lineEnd": 11,
        "columnEnd": 1
      },
      "tuplefield1": "f"
    }
  },
  {
    "key": {
      "tuplefield0": {
        "file": { "key": "test.cpp" },
        "lineBegin": 9,
        "columnBegin": 26,
        "lineEnd": 9,
        "columnEnd": 28
      },
      "tuplefield1": "x"
    }
  },
  {
    "key": {
      "tuplefield0": {
        "file": { "key": "test.cpp" },
        "lineBegin": 13,
        "columnBegin": 22,
        "lineEnd": 15,
        "columnEnd": 1
      },
      "tuplefield1": "f"
    }
  },
  {
    "key": {
      "tuplefield0": {
        "file": { "key": "test.cpp" },
        "lineBegin": 13,
        "columnBegin": 27,
        "lineEnd": 13,
        "columnEnd": 30
      },
      "tuplefield1": "x"
    }
  },
  {
    "key": {
      "tuplefield0": {
        "file": { "key": "test.cpp" },
        "lineBegin": 17,
        "columnBegin": 1,
        "lineEnd": 21,
        "columnEnd": 1
      },
      "tuplefield1": "g"
    }
  },
  {
    "key": {
      "tuplefield0": {
        "file": { "key": "test.cpp" },
        "lineBegin": 17,
        "columnBegin": 8,
        "lineEnd": 17,
        "columnEnd": 12
      },
      "tuplefield1": "x"
    }
  }
]