[
  "@generated",
  { "key": { "file": { "key": "leaphash.go" }, "language": 16 } }
]