[
  "@generated",
  {
    "key": {
      "file": { "key": "leaphash.go" },
      "range": {
        "lineBegin": 11,
        "columnBegin": 9,
        "lineEnd": 11,
        "columnEnd": 16
      }
    }
  },
  {
    "key": {
      "file": { "key": "leaphash.go" },
      "range": {
        "lineBegin": 14,
        "columnBegin": 3,
        "lineEnd": 14,
        "columnEnd": 13
      }
    }
  },
  {
    "key": {
      "file": { "key": "leaphash.go" },
      "range": {
        "lineBegin": 15,
        "columnBegin": 3,
        "lineEnd": 15,
        "columnEnd": 5
      }
    }
  },
  {
    "key": {
      "file": { "key": "leaphash.go" },
      "range": {
        "lineBegin": 16,
        "columnBegin": 3,
        "lineEnd": 16,
        "columnEnd": 9
      }
    }
  },
  {
    "key": {
      "file": { "key": "leaphash.go" },
      "range": {
        "lineBegin": 24,
        "columnBegin": 6,
        "lineEnd": 24,
        "columnEnd": 12
      }
    }
  },
  {
    "key": {
      "file": { "key": "leaphash.go" },
      "range": {
        "lineBegin": 24,
        "columnBegin": 14,
        "lineEnd": 24,
        "columnEnd": 17
      }
    }
  },
  {
    "key": {
      "file": { "key": "leaphash.go" },
      "range": {
        "lineBegin": 25,
        "columnBegin": 2,
        "lineEnd": 25,
        "columnEnd": 6
      }
    }
  },
  {
    "key": {
      "file": { "key": "leaphash.go" },
      "range": {
        "lineBegin": 25,
        "columnBegin": 11,
        "lineEnd": 25,
        "columnEnd": 17
      }
    }
  },
  {
    "key": {
      "file": { "key": "leaphash.go" },
      "range": {
        "lineBegin": 25,
        "columnBegin": 19,
        "lineEnd": 25,
        "columnEnd": 23
      }
    }
  },
  {
    "key": {
      "file": { "key": "leaphash.go" },
      "range": {
        "lineBegin": 25,
        "columnBegin": 32,
        "lineEnd": 25,
        "columnEnd": 35
      }
    }
  },
  {
    "key": {
      "file": { "key": "leaphash.go" },
      "range": {
        "lineBegin": 27,
        "columnBegin": 6,
        "lineEnd": 27,
        "columnEnd": 13
      }
    }
  },
  {
    "key": {
      "file": { "key": "leaphash.go" },
      "range": {
        "lineBegin": 28,
        "columnBegin": 2,
        "lineEnd": 28,
        "columnEnd": 13
      }
    }
  },
  {
    "key": {
      "file": { "key": "leaphash.go" },
      "range": {
        "lineBegin": 28,
        "columnBegin": 23,
        "lineEnd": 28,
        "columnEnd": 23
      }
    }
  },
  {
    "key": {
      "file": { "key": "leaphash.go" },
      "range": {
        "lineBegin": 29,
        "columnBegin": 6,
        "lineEnd": 29,
        "columnEnd": 6
      }
    }
  },
  {
    "key": {
      "file": { "key": "leaphash.go" },
      "range": {
        "lineBegin": 29,
        "columnBegin": 18,
        "lineEnd": 29,
        "columnEnd": 18
      }
    }
  },
  {
    "key": {
      "file": { "key": "leaphash.go" },
      "range": {
        "lineBegin": 32,
        "columnBegin": 10,
        "lineEnd": 32,
        "columnEnd": 10
      }
    }
  },
  {
    "key": {
      "file": { "key": "leaphash.go" },
      "range": {
        "lineBegin": 35,
        "columnBegin": 6,
        "lineEnd": 35,
        "columnEnd": 6
      }
    }
  },
  {
    "key": {
      "file": { "key": "leaphash.go" },
      "range": {
        "lineBegin": 35,
        "columnBegin": 14,
        "lineEnd": 35,
        "columnEnd": 14
      }
    }
  },
  {
    "key": {
      "file": { "key": "leaphash.go" },
      "range": {
        "lineBegin": 35,
        "columnBegin": 22,
        "lineEnd": 35,
        "columnEnd": 26
      }
    }
  },
  {
    "key": {
      "file": { "key": "leaphash.go" },
      "range": {
        "lineBegin": 35,
        "columnBegin": 30,
        "lineEnd": 35,
        "columnEnd": 30
      }
    }
  },
  {
    "key": {
      "file": { "key": "leaphash.go" },
      "range": {
        "lineBegin": 36,
        "columnBegin": 6,
        "lineEnd": 36,
        "columnEnd": 12
      }
    }
  },
  {
    "key": {
      "file": { "key": "leaphash.go" },
      "range": {
        "lineBegin": 36,
        "columnBegin": 14,
        "lineEnd": 36,
        "columnEnd": 22
      }
    }
  },
  {
    "key": {
      "file": { "key": "leaphash.go" },
      "range": {
        "lineBegin": 36,
        "columnBegin": 24,
        "lineEnd": 36,
        "columnEnd": 28
      }
    }
  },
  {
    "key": {
      "file": { "key": "leaphash.go" },
      "range": {
        "lineBegin": 36,
        "columnBegin": 30,
        "lineEnd": 36,
        "columnEnd": 30
      }
    }
  },
  {
    "key": {
      "file": { "key": "leaphash.go" },
      "range": {
        "lineBegin": 36,
        "columnBegin": 43,
        "lineEnd": 36,
        "columnEnd": 49
      }
    }
  },
  {
    "key": {
      "file": { "key": "leaphash.go" },
      "range": {
        "lineBegin": 36,
        "columnBegin": 51,
        "lineEnd": 36,
        "columnEnd": 59
      }
    }
  },
  {
    "key": {
      "file": { "key": "leaphash.go" },
      "range": {
        "lineBegin": 36,
        "columnBegin": 61,
        "lineEnd": 36,
        "columnEnd": 65
      }
    }
  },
  {
    "key": {
      "file": { "key": "leaphash.go" },
      "range": {
        "lineBegin": 36,
        "columnBegin": 67,
        "lineEnd": 36,
        "columnEnd": 67
      }
    }
  },
  {
    "key": {
      "file": { "key": "leaphash.go" },
      "range": {
        "lineBegin": 39,
        "columnBegin": 4,
        "lineEnd": 39,
        "columnEnd": 11
      }
    }
  },
  {
    "key": {
      "file": { "key": "leaphash.go" },
      "range": {
        "lineBegin": 39,
        "columnBegin": 16,
        "lineEnd": 39,
        "columnEnd": 22
      }
    }
  },
  {
    "key": {
      "file": { "key": "leaphash.go" },
      "range": {
        "lineBegin": 39,
        "columnBegin": 24,
        "lineEnd": 39,
        "columnEnd": 26
      }
    }
  },
  {
    "key": {
      "file": { "key": "leaphash.go" },
      "range": {
        "lineBegin": 39,
        "columnBegin": 28,
        "lineEnd": 39,
        "columnEnd": 39
      }
    }
  },
  {
    "key": {
      "file": { "key": "leaphash.go" },
      "range": {
        "lineBegin": 39,
        "columnBegin": 42,
        "lineEnd": 39,
        "columnEnd": 46
      }
    }
  },
  {
    "key": {
      "file": { "key": "leaphash.go" },
      "range": {
        "lineBegin": 39,
        "columnBegin": 48,
        "lineEnd": 39,
        "columnEnd": 48
      }
    }
  },
  {
    "key": {
      "file": { "key": "leaphash.go" },
      "range": {
        "lineBegin": 39,
        "columnBegin": 57,
        "lineEnd": 39,
        "columnEnd": 61
      }
    }
  },
  {
    "key": {
      "file": { "key": "leaphash.go" },
      "range": {
        "lineBegin": 39,
        "columnBegin": 63,
        "lineEnd": 39,
        "columnEnd": 63
      }
    }
  },
  {
    "key": {
      "file": { "key": "leaphash.go" },
      "range": {
        "lineBegin": 40,
        "columnBegin": 13,
        "lineEnd": 40,
        "columnEnd": 19
      }
    }
  },
  {
    "key": {
      "file": { "key": "leaphash.go" },
      "range": {
        "lineBegin": 40,
        "columnBegin": 21,
        "lineEnd": 40,
        "columnEnd": 29
      }
    }
  },
  {
    "key": {
      "file": { "key": "leaphash.go" },
      "range": {
        "lineBegin": 40,
        "columnBegin": 31,
        "lineEnd": 40,
        "columnEnd": 35
      }
    }
  },
  {
    "key": {
      "file": { "key": "leaphash.go" },
      "range": {
        "lineBegin": 40,
        "columnBegin": 37,
        "lineEnd": 40,
        "columnEnd": 37
      }
    }
  },
  {
    "key": {
      "file": { "key": "leaphash.go" },
      "range": {
        "lineBegin": 44,
        "columnBegin": 4,
        "lineEnd": 44,
        "columnEnd": 7
      }
    }
  },
  {
    "key": {
      "file": { "key": "leaphash.go" },
      "range": {
        "lineBegin": 44,
        "columnBegin": 12,
        "lineEnd": 44,
        "columnEnd": 16
      }
    }
  },
  {
    "key": {
      "file": { "key": "leaphash.go" },
      "range": {
        "lineBegin": 44,
        "columnBegin": 18,
        "lineEnd": 44,
        "columnEnd": 18
      }
    }
  },
  {
    "key": {
      "file": { "key": "leaphash.go" },
      "range": {
        "lineBegin": 46,
        "columnBegin": 4,
        "lineEnd": 46,
        "columnEnd": 13
      }
    }
  },
  {
    "key": {
      "file": { "key": "leaphash.go" },
      "range": {
        "lineBegin": 46,
        "columnBegin": 18,
        "lineEnd": 46,
        "columnEnd": 24
      }
    }
  },
  {
    "key": {
      "file": { "key": "leaphash.go" },
      "range": {
        "lineBegin": 46,
        "columnBegin": 26,
        "lineEnd": 46,
        "columnEnd": 30
      }
    }
  },
  {
    "key": {
      "file": { "key": "leaphash.go" },
      "range": {
        "lineBegin": 46,
        "columnBegin": 32,
        "lineEnd": 46,
        "columnEnd": 35
      }
    }
  },
  {
    "key": {
      "file": { "key": "leaphash.go" },
      "range": {
        "lineBegin": 47,
        "columnBegin": 7,
        "lineEnd": 47,
        "columnEnd": 16
      }
    }
  },
  {
    "key": {
      "file": { "key": "leaphash.go" },
      "range": {
        "lineBegin": 48,
        "columnBegin": 5,
        "lineEnd": 48,
        "columnEnd": 8
      }
    }
  },
  {
    "key": {
      "file": { "key": "leaphash.go" },
      "range": {
        "lineBegin": 48,
        "columnBegin": 12,
        "lineEnd": 48,
        "columnEnd": 15
      }
    }
  },
  {
    "key": {
      "file": { "key": "leaphash.go" },
      "range": {
        "lineBegin": 48,
        "columnBegin": 21,
        "lineEnd": 48,
        "columnEnd": 30
      }
    }
  },
  {
    "key": {
      "file": { "key": "leaphash.go" },
      "range": {
        "lineBegin": 51,
        "columnBegin": 4,
        "lineEnd": 51,
        "columnEnd": 11
      }
    }
  },
  {
    "key": {
      "file": { "key": "leaphash.go" },
      "range": {
        "lineBegin": 51,
        "columnBegin": 16,
        "lineEnd": 51,
        "columnEnd": 22
      }
    }
  },
  {
    "key": {
      "file": { "key": "leaphash.go" },
      "range": {
        "lineBegin": 51,
        "columnBegin": 24,
        "lineEnd": 51,
        "columnEnd": 26
      }
    }
  },
  {
    "key": {
      "file": { "key": "leaphash.go" },
      "range": {
        "lineBegin": 51,
        "columnBegin": 28,
        "lineEnd": 51,
        "columnEnd": 39
      }
    }
  },
  {
    "key": {
      "file": { "key": "leaphash.go" },
      "range": {
        "lineBegin": 51,
        "columnBegin": 42,
        "lineEnd": 51,
        "columnEnd": 45
      }
    }
  },
  {
    "key": {
      "file": { "key": "leaphash.go" },
      "range": {
        "lineBegin": 56,
        "columnBegin": 2,
        "lineEnd": 56,
        "columnEnd": 5
      }
    }
  },
  {
    "key": {
      "file": { "key": "leaphash.go" },
      "range": {
        "lineBegin": 56,
        "columnBegin": 10,
        "lineEnd": 56,
        "columnEnd": 12
      }
    }
  },
  {
    "key": {
      "file": { "key": "leaphash.go" },
      "range": {
        "lineBegin": 56,
        "columnBegin": 14,
        "lineEnd": 56,
        "columnEnd": 20
      }
    }
  },
  {
    "key": {
      "file": { "key": "leaphash.go" },
      "range": {
        "lineBegin": 56,
        "columnBegin": 28,
        "lineEnd": 56,
        "columnEnd": 31
      }
    }
  },
  {
    "key": {
      "file": { "key": "leaphash.go" },
      "range": {
        "lineBegin": 56,
        "columnBegin": 33,
        "lineEnd": 56,
        "columnEnd": 35
      }
    }
  },
  {
    "key": {
      "file": { "key": "leaphash.go" },
      "range": {
        "lineBegin": 56,
        "columnBegin": 44,
        "lineEnd": 56,
        "columnEnd": 51
      }
    }
  },
  {
    "key": {
      "file": { "key": "leaphash.go" },
      "range": {
        "lineBegin": 58,
        "columnBegin": 6,
        "lineEnd": 58,
        "columnEnd": 16
      }
    }
  },
  {
    "key": {
      "file": { "key": "leaphash.go" },
      "range": {
        "lineBegin": 60,
        "columnBegin": 6,
        "lineEnd": 60,
        "columnEnd": 6
      }
    }
  },
  {
    "key": {
      "file": { "key": "leaphash.go" },
      "range": {
        "lineBegin": 60,
        "columnBegin": 14,
        "lineEnd": 60,
        "columnEnd": 14
      }
    }
  },
  {
    "key": {
      "file": { "key": "leaphash.go" },
      "range": {
        "lineBegin": 60,
        "columnBegin": 21,
        "lineEnd": 60,
        "columnEnd": 21
      }
    }
  },
  {
    "key": {
      "file": { "key": "leaphash.go" },
      "range": {
        "lineBegin": 61,
        "columnBegin": 6,
        "lineEnd": 61,
        "columnEnd": 16
      }
    }
  },
  {
    "key": {
      "file": { "key": "leaphash.go" },
      "range": {
        "lineBegin": 62,
        "columnBegin": 4,
        "lineEnd": 62,
        "columnEnd": 14
      }
    }
  },
  {
    "key": {
      "file": { "key": "leaphash.go" },
      "range": {
        "lineBegin": 64,
        "columnBegin": 3,
        "lineEnd": 64,
        "columnEnd": 13
      }
    }
  },
  {
    "key": {
      "file": { "key": "leaphash.go" },
      "range": {
        "lineBegin": 64,
        "columnBegin": 18,
        "lineEnd": 64,
        "columnEnd": 21
      }
    }
  },
  {
    "key": {
      "file": { "key": "leaphash.go" },
      "range": {
        "lineBegin": 64,
        "columnBegin": 23,
        "lineEnd": 64,
        "columnEnd": 23
      }
    }
  },
  {
    "key": {
      "file": { "key": "leaphash.go" },
      "range": {
        "lineBegin": 64,
        "columnBegin": 30,
        "lineEnd": 64,
        "columnEnd": 30
      }
    }
  },
  {
    "key": {
      "file": { "key": "leaphash.go" },
      "range": {
        "lineBegin": 67,
        "columnBegin": 9,
        "lineEnd": 67,
        "columnEnd": 19
      }
    }
  }
]