[
  "@generated",
  {
    "key": {
      "version": 0,
      "toolInfo": {
        "toolName": "scip-go",
        "toolArgs": [ ],
        "version": "0.1.16"
      },
      "projectRoot": "",
      "textEncoding": 1
    }
  }
]