[
  "@generated",
  {
    "key": {
      "file": { "key": "src/main/java/com/glean/app/App.java" },
      "entity": {
        "lsif": {
          "java": {
            "defn": {
              "key": {
                "defn": {
                  "key": {
                    "file": {
                      "key": {
                        "file": {
                          "key": "src/main/java/com/glean/app/App.java"
                        },
                        "language": 22
                      }
                    },
                    "range": {
                      "key": {
                        "range": {
                          "lineBegin": 9,
                          "columnBegin": 26,
                          "lineEnd": 9,
                          "columnEnd": 32
                        },
                        "text": { "key": "App#message" }
                      }
                    }
                  }
                },
                "moniker": {
                  "key": {
                    "kind": 0,
                    "scheme": { "key": "semanticdb" },
                    "ident": {
                      "key": "semanticdb maven . . com/glean/app/App#message."
                    }
                  }
                }
              }
            }
          }
        }
      },
      "kind": 14
    }
  },
  {
    "key": {
      "file": { "key": "src/main/java/com/glean/app/App.java" },
      "entity": {
        "lsif": {
          "java": {
            "defn": {
              "key": {
                "defn": {
                  "key": {
                    "file": {
                      "key": {
                        "file": {
                          "key": "src/main/java/com/glean/app/App.java"
                        },
                        "language": 22
                      }
                    },
                    "range": {
                      "key": {
                        "range": {
                          "lineBegin": 11,
                          "columnBegin": 12,
                          "lineEnd": 11,
                          "columnEnd": 14
                        },
                        "text": { "key": "App#`<init>`()" }
                      }
                    }
                  }
                },
                "moniker": {
                  "key": {
                    "kind": 0,
                    "scheme": { "key": "semanticdb" },
                    "ident": {
                      "key": "semanticdb maven . . com/glean/app/App#`<init>`()."
                    }
                  }
                }
              }
            }
          }
        }
      },
      "kind": 7
    }
  },
  {
    "key": {
      "file": { "key": "src/main/java/com/glean/app/App.java" },
      "entity": {
        "lsif": {
          "java": {
            "defn": {
              "key": {
                "defn": {
                  "key": {
                    "file": {
                      "key": {
                        "file": {
                          "key": "src/main/java/com/glean/app/App.java"
                        },
                        "language": 22
                      }
                    },
                    "range": {
                      "key": {
                        "range": {
                          "lineBegin": 17,
                          "columnBegin": 26,
                          "lineEnd": 17,
                          "columnEnd": 35
                        },
                        "text": { "key": "App#getMessage()" }
                      }
                    }
                  }
                },
                "moniker": {
                  "key": {
                    "kind": 0,
                    "scheme": { "key": "semanticdb" },
                    "ident": {
                      "key": "semanticdb maven . . com/glean/app/App#getMessage()."
                    }
                  }
                }
              }
            }
          }
        }
      },
      "kind": 7
    }
  }
]