[
  "@generated",
  {
    "key": {
      "file": { "key": "src/main/java/com/glean/app/App.java" },
      "language": 22
    }
  }
]