[
  "@generated",
  {
    "key": {
      "target": {
        "typescript": {
          "defn": {
            "key": {
              "defn": {
                "key": {
                  "file": {
                    "key": {
                      "file": { "key": "src/main/java/com/glean/app/App.java" },
                      "language": 22
                    }
                  },
                  "range": {
                    "key": {
                      "range": {
                        "lineBegin": 9,
                        "columnBegin": 26,
                        "lineEnd": 9,
                        "columnEnd": 32
                      },
                      "text": { "key": "App#message" }
                    }
                  }
                }
              },
              "moniker": {
                "key": {
                  "kind": 0,
                  "scheme": { "key": "semanticdb" },
                  "ident": {
                    "key": "semanticdb maven . . com/glean/app/App#message."
                  }
                }
              }
            }
          }
        }
      },
      "file": { "key": "src/main/java/com/glean/app/App.java" },
      "range": {
        "file": { "key": "src/main/java/com/glean/app/App.java" },
        "lineBegin": 18,
        "columnBegin": 16,
        "lineEnd": 18,
        "columnEnd": 22
      }
    }
  },
  {
    "key": {
      "target": {
        "typescript": {
          "defn": {
            "key": {
              "defn": {
                "key": {
                  "file": {
                    "key": {
                      "file": { "key": "src/main/java/com/glean/app/App.java" },
                      "language": 22
                    }
                  },
                  "range": {
                    "key": {
                      "range": {
                        "lineBegin": 11,
                        "columnBegin": 12,
                        "lineEnd": 11,
                        "columnEnd": 14
                      },
                      "text": { "key": "App#`<init>`()" }
                    }
                  }
                }
              },
              "moniker": {
                "key": {
                  "kind": 0,
                  "scheme": { "key": "semanticdb" },
                  "ident": {
                    "key": "semanticdb maven . . com/glean/app/App#`<init>`()."
                  }
                }
              }
            }
          }
        }
      },
      "file": { "key": "src/main/java/com/glean/app/App.java" },
      "range": {
        "file": { "key": "src/main/java/com/glean/app/App.java" },
        "lineBegin": 14,
        "columnBegin": 32,
        "lineEnd": 14,
        "columnEnd": 34
      }
    }
  },
  {
    "key": {
      "target": {
        "typescript": {
          "defn": {
            "key": {
              "defn": {
                "key": {
                  "file": {
                    "key": {
                      "file": { "key": "src/main/java/com/glean/app/App.java" },
                      "language": 22
                    }
                  },
                  "range": {
                    "key": {
                      "range": {
                        "lineBegin": 17,
                        "columnBegin": 26,
                        "lineEnd": 17,
                        "columnEnd": 35
                      },
                      "text": { "key": "App#getMessage()" }
                    }
                  }
                }
              },
              "moniker": {
                "key": {
                  "kind": 0,
                  "scheme": { "key": "semanticdb" },
                  "ident": {
                    "key": "semanticdb maven . . com/glean/app/App#getMessage()."
                  }
                }
              }
            }
          }
        }
      },
      "file": { "key": "src/main/java/com/glean/app/App.java" },
      "range": {
        "file": { "key": "src/main/java/com/glean/app/App.java" },
        "lineBegin": 14,
        "columnBegin": 38,
        "lineEnd": 14,
        "columnEnd": 47
      }
    }
  }
]